// Jest Snapshot v1, https://goo.gl/fbAQLP

exports[`SellRate should match snapshot 1`] = `
<div>
  <Rate
    header="Sell USD"
    rate={12.345}
  />
</div>
`;
